  ! f27447a1-8499-561e-a7a1-6c547b2252da: dropped non-vocabulary genre 'Biography'
  ! a64108b2-917d-57c1-b5fb-97db2f57c1bb: dropped non-vocabulary genre 'Biography'
  ! 1873e97f-30ad-5aed-8e87-0bf35b99f4cc: dropped non-vocabulary genre 'Biography'
  ! f1121349-5b17-5278-a8f9-de974fe0b76f: dropped non-vocabulary genre 'Biography'
  ! bf16245f-7916-5afa-8df2-33af8571d824: dropped non-vocabulary genre "Children's"
  ! 009eb01c-7404-515f-959a-28c3bcf3fec0: dropped non-vocabulary genre 'Biography'
  ! eec89a6c-dff9-5f09-bee5-3cad54f908ee: dropped non-vocabulary genre 'Memoir'
  ! 91387550-a5a9-5b4d-8657-d53670e2ddaa: dropped non-vocabulary genre 'Poetry'
  ! 15c0f1d8-f29f-5005-81b7-a4f699b99397: dropped non-vocabulary genre 'Biography'
  ! 9dc080b7-30c9-5e4e-8bf6-a3c68202ee13: dropped non-vocabulary genre 'Biography'
  ! fc2dc03e-896c-5e0e-878e-a1dc6cb77159: dropped non-vocabulary genre 'Biography'
  ! 635cb700-9687-58f9-915e-8d2de0cfcd4a: dropped non-vocabulary genre 'Biography'
  ! 2a7b1cd3-08ca-56a7-856e-5c2da062b90a: dropped non-vocabulary genre 'Poetry'
  ! b33bbe69-3ca5-5984-b272-fa587bad7de0: dropped non-vocabulary genre 'Autobiography'
  ! c5ded0a8-4928-5a68-9263-2b4c5a97581d: dropped non-vocabulary genre 'Biography'
  ! 498e4973-daeb-5a20-a47d-5e09b8a9b32c: dropped non-vocabulary genre 'Poetry'
  ! 89dafae8-f909-5e5a-ad4e-f71a417c1f5f: dropped non-vocabulary genre 'Poetry'
  ! 546071e9-7521-5c52-a7f9-5d06357e0964: dropped non-vocabulary genre 'Biography'
  ! 079bd7df-16c1-5207-a07f-bbbd1c5b2359: dropped non-vocabulary genre 'Poetry'
  ! 8a11e6cf-1e20-56d8-8637-1bb2d7fc2d79: dropped non-vocabulary genre 'Poetry'
  ! 22ce44e0-d166-5990-9f49-95d7edab1861: dropped non-vocabulary genre 'Short stories'
  ! c336e3ba-dbd4-5d86-a5c5-ed72aca24991: dropped non-vocabulary genre 'Biography'
  ! 3037c71c-fb40-5cae-8ea6-3a73b58ea33b: dropped non-vocabulary form 'Education & reference'
  ! d4bf2cbb-ec63-55c6-bb54-a14650e8ca33: dropped non-vocabulary genre 'Essays'
  ! c8f10549-9485-5599-8416-571ff3df15f2: dropped non-vocabulary form 'Education & reference'
  ! c3608961-2f6b-57c7-8bdf-a630f92bb5ad: dropped non-vocabulary genre 'Poetry'
  ! 9ee15d90-1f90-5102-badf-3d6b06edd3a1: dropped non-vocabulary genre 'Poetry'
  ! 7d9ff886-b80a-5e08-8fbf-ba8604ecd330: dropped non-vocabulary genre 'Travelogue'
  ! 7920f956-9ff9-51b9-976b-cb12f5b25d33: dropped non-vocabulary genre 'Essays'
  ! d01827b9-c08a-59fc-8956-a760e41a0dbe: dropped non-vocabulary genre 'Biography'
  ! ac04c15c-e664-5aee-a4ec-6f008fa440e9: dropped non-vocabulary genre 'Poetry'
  ! 08f2f581-b7e8-5e6a-9bd9-0cf636451e5c: dropped non-vocabulary genre 'Poetry'
  ! 2d3a1d29-0e6c-56aa-a35c-10f645d7dfa6: dropped non-vocabulary genre 'Poetry'
  ! ab222c81-39ef-5e2b-980e-dfd51d33601b: dropped non-vocabulary genre 'Essays'
  ! 2a99bdf9-036e-56df-b51c-5530b9ded858: dropped non-vocabulary genre 'Biography'
  ! 92a07ed1-5335-5fff-bf13-852652340a3a: dropped non-vocabulary genre 'Poetry'
  ! 0c48d99b-592c-57c4-a720-1a48b044bb9d: dropped non-vocabulary genre 'Poetry'
  ! 336f5f1a-2661-5319-ac64-54ba5446d755: dropped non-vocabulary genre 'Biography'
  ! 6f409263-9aae-5319-a2c7-bde65401e162: dropped non-vocabulary genre 'Poetry'
  ! 6b923eb2-d552-525e-a23e-ebdac5bda093: dropped non-vocabulary genre 'Poetry'
  ! 76a1d317-36c9-5ff7-90c9-c51d1d90368e: dropped non-vocabulary genre 'Essays'
  ! 5128ba31-8036-513b-8b2f-07c9a6defa44: dropped non-vocabulary genre "Children's"
  ! 5f1fd0a1-e16e-51d1-9224-020c57df5855: dropped non-vocabulary genre 'Poetry'
  ! caf03376-486e-5620-a803-5ff3369218d9: dropped non-vocabulary genre "Children's"
  ! 3bb556b2-e0ca-5f06-8946-c94a72267cf7: dropped non-vocabulary genre "Children's"
  ! 699d701e-ed23-501d-b03d-e6385221624b: dropped non-vocabulary genre 'Travelogue'
  ! b32c7615-90e6-5c2c-acb0-becf42474e15: dropped non-vocabulary genre 'Poetry'
  ! 0116709d-bcc3-53f3-9f2a-cfbb011aad50: dropped non-vocabulary genre 'Essays'
  ! 599c79a7-bdd9-5caf-ac9c-1ba6942775d2: dropped non-vocabulary genre 'Poetry'
  ! 5d2f5b30-2658-5531-aaf7-708e82e194f1: dropped non-vocabulary genre 'Essays'
  ! 16993c2b-0692-5084-85fd-f1b107780cbf: dropped non-vocabulary genre 'Biography'
  ! db139db6-0b96-52fa-8dec-eb1bd9331822: dropped non-vocabulary form 'Education & reference'
  ! 649c9547-909c-59e8-8d37-df24e3f52467: dropped non-vocabulary genre 'Play'
  ! 80b47945-f57a-5578-b7ef-c6df5ad7ce70: dropped non-vocabulary genre 'Poetry'
  ! a7b783ed-eaeb-5939-96d1-530be8f74c74: dropped non-vocabulary genre 'Biography'
  ! c8ebfb41-69ef-500f-88d3-57a06a40bd6b: dropped non-vocabulary genre 'Biography'
  ! 2598f977-66b3-5b11-8cd1-639b2d6305a2: dropped non-vocabulary genre "Children's"
  ! 3ce86df4-0ed0-5924-8169-6728e081689b: dropped non-vocabulary genre "Children's"
  ! a55becc6-826e-550d-9193-34d9cfd02198: dropped non-vocabulary genre 'Short stories'
  ! 522de6f4-5b04-5ea5-a02f-307a27455a3f: dropped non-vocabulary genre 'Biography'
  ! 66040513-a8a4-59cc-acb0-c8b77e41683d: dropped non-vocabulary genre 'Poetry'
  ! d1a829bb-3ebc-525c-aadd-b761f575d684: dropped non-vocabulary genre 'Poetry'
  ! 3f64a468-657e-55b0-a7d2-216e0187b357: dropped non-vocabulary genre 'Biography'
  ! 622a6926-d5be-5d97-b411-1a1a1ed4e202: dropped non-vocabulary genre 'Biography'
  ! def65aee-28e6-544b-b8e6-a6859117874a: dropped non-vocabulary genre 'Play'
  ! d9a8c236-b9fe-5124-a242-81640b01cc90: dropped non-vocabulary genre 'Poetry'
  ! 1b48180e-24cf-5315-b993-f25146c2507a: dropped non-vocabulary genre 'Biography'
  ! 22cd19fe-ed48-59a0-98cf-eb441f02bbb8: dropped non-vocabulary genre 'Biography'
  ! ac7d97d1-2e06-50ad-b71a-4865c5445dcf: dropped non-vocabulary genre 'Short stories'
  ! 7521fa4c-019f-5a1a-82d3-b2d6b6dc99d6: dropped non-vocabulary genre 'Poetry'
  ! cb832d50-ea05-53d6-8241-c93b97647189: dropped non-vocabulary genre 'Short stories'
  ! b09b5abe-3181-5ec4-9ae9-a2af04dda4f0: dropped non-vocabulary genre 'Biography'
  ! 5dd56cbf-09ac-5d07-88f0-8be85afd92a7: dropped non-vocabulary genre 'Biography'
  ! 520cdf17-7086-5f38-a12e-75138f0818c1: dropped non-vocabulary genre 'Biography'
  ! 637f96e0-c0b9-5083-b1fd-4d3c71980ee4: dropped non-vocabulary genre 'Biography'
  ! f1233c0f-81e4-5ca5-9a78-e1547a14c652: dropped non-vocabulary genre 'Biography'
  ! e6c49c1a-b007-50e3-9a96-2e107843f2c8: dropped non-vocabulary genre 'Biography'
  ! f47d9dcd-c3cf-59fe-b0dd-e111c40b97bc: dropped non-vocabulary form 'Education & reference'
  ! 06560b82-675b-5aa9-9f8c-11f08f667cd7: dropped non-vocabulary genre 'Travelogue'
  ! f6401591-f6aa-5b00-8405-1945b26c73f5: dropped non-vocabulary genre 'Play'
  ! 0f6a3978-6684-5a6f-a4cf-0fd954791939: dropped non-vocabulary genre 'Poetry'
  ! 53230696-94b1-5ef0-af14-ac06a0c490bf: dropped non-vocabulary genre 'Memoir'
  ! b3d36d29-b9af-564a-bf43-ad9ea6447908: dropped non-vocabulary genre 'Biography'
  ! 48e04df5-5dfb-518c-8c24-70ddecd34ed2: dropped non-vocabulary genre 'Essays'
  ! ac6a0a95-c712-5355-bddf-1a2096aa6bd3: dropped non-vocabulary genre "Children's"
  ! 47adab48-2169-55ba-af05-f3f2a2af15f5: dropped non-vocabulary genre 'Poetry'
  ! 3f540019-7380-544b-8ee5-e5751443a5e9: dropped non-vocabulary genre 'Poetry'
  ! abb2a2bd-a89d-50ab-91ff-2d548b2d9832: dropped non-vocabulary genre 'Poetry'
  ! 227bbfc1-a82a-5a6d-97d8-1e44d2886437: dropped non-vocabulary genre 'Poetry'
  ! 55dd1b55-e05b-55d4-adcc-bc1ee43823a6: dropped non-vocabulary genre 'Poetry'
  ! 58255979-d82a-5272-a5ba-5a25b0bf03dc: dropped non-vocabulary genre 'Poetry'
  ! 0b49cd5b-40c0-52bc-9e90-a3eec0b87017: dropped non-vocabulary genre 'Play'
  ! 7bfe41c3-e2b9-5ff6-aac9-3cdcce8849db: dropped non-vocabulary genre 'Poetry'
  ! 161218c2-25a4-5fa3-99d5-562502790b9d: dropped non-vocabulary genre 'Poetry'
  ! f77a3c85-e2d4-56b6-8a0a-fda8acd3a48b: dropped non-vocabulary genre "Children's"
  ! 0d57ccce-20c8-5ad4-b7fd-e7b7dbf783a2: dropped non-vocabulary genre 'Biography'
  ! 3def6adb-bb5c-5b77-a23c-e5eb5fc7c55b: dropped non-vocabulary genre 'Essays'
  ! d93e778b-a2e9-5409-9dfe-47d0007db5d8: dropped non-vocabulary genre 'Poetry'
  ! 16b5e4e5-0017-55c2-9817-fa582764082e: dropped non-vocabulary genre 'Poetry'
  ! 32c9c31a-5099-5fd9-804b-9f9ef0fb9863: dropped non-vocabulary genre 'Biography'
  ! f3e48590-3520-5610-8f4f-4d479f3536b5: dropped non-vocabulary genre 'Essays'
  ! 7323b177-9ee1-5d3e-8473-35500a249719: dropped non-vocabulary genre "Children's"
  ! 4c0078dd-f4d6-5135-9a7a-2fafc78d22e6: dropped non-vocabulary genre "Children's"
  ! 6ec8be2c-f228-5ff4-b88f-9d98ab3b72d7: dropped non-vocabulary genre 'Short stories'
  ! 7c253414-56aa-5559-923b-a1b50f03933b: dropped non-vocabulary genre 'Biography'
  ! 7b328497-264a-507e-a30d-acdb6a3a683e: dropped non-vocabulary genre 'Biography'
  ! 6e376599-7729-5c85-bfe6-1324f9daee45: dropped non-vocabulary genre "Children's"
  ! 8af69c8c-148f-5635-900b-c1960fbd0146: dropped non-vocabulary genre 'Poetry'
  ! e1eba93a-b56d-5273-80f0-01926f587a46: dropped non-vocabulary genre "Children's"
  ! b0659624-66f3-55fa-9859-989e3b44d2fd: dropped non-vocabulary genre "Children's"
  ! fe0e0547-8c3c-5f1f-a99d-cbe84ef20d16: dropped non-vocabulary genre 'Poetry'
  ! 63a71b5d-ab48-5cde-954c-20e585ea6203: dropped non-vocabulary genre 'Biography'
  ! e6eb9f5e-e980-55ab-9a38-b6e641b64809: dropped non-vocabulary genre 'Poetry'
  ! aa1cc565-575f-5d9d-812e-aa146f28c5f2: dropped non-vocabulary genre 'Biography'
  ! 70b2b549-9dfd-581e-847c-0e27c142d0be: dropped non-vocabulary genre 'Essays'
  ! 6f54f305-2d5d-53bd-9a6c-306824fe0c51: dropped non-vocabulary genre "Children's"
  ! accacdfc-3038-513a-ae60-82bfa337a27d: dropped non-vocabulary genre "Children's"
  ! 791d3fe9-3330-5709-93a0-13916d25fc80: dropped non-vocabulary genre "Children's"
  ! bfd77438-b491-55ab-9d19-77484c42b643: dropped non-vocabulary genre 'Poetry'
  ! 2074459f-363c-5e63-8a4f-c6bb93f1c0e1: dropped non-vocabulary genre "Children's"
  ! 14be957f-5445-5aa5-9905-5e529d8970fa: dropped non-vocabulary genre 'Poetry'
  ! d2c2fbee-6ca1-5b4a-b1f5-3d0d24304063: dropped non-vocabulary genre 'Essays'
  ! 2c057ed1-ad7a-5b23-8a33-a074f1c0c05c: dropped non-vocabulary genre 'Travelogue'
  ! 8ee1b957-5d61-58be-96ff-e92eb5b7e167: dropped non-vocabulary genre 'Travelogue'
  ! 8ca462f5-fc04-50ce-bec9-6b827c6c21f8: dropped non-vocabulary genre 'Travelogue'
  ! fe32cb59-480a-5306-88de-f93e6d65e71e: dropped non-vocabulary genre 'Essays'
